User: ubuntu
Defalt pass: ubuntu
Changded pass: raspberry

Install ssh
	sudo apt-get install ssh

Install Java
	Use jdk-8u91-linux-arm32-vfp-hflt.tar.gz

MySQL server 5.7
	Sudo apt-get install mysql-server
	
Enlarge partion
	ubuntu@ubuntu-standard:/opt/gerrit$ fdisk /dev/mmcblk0

	Welcome to fdisk (util-linux 2.27.1).
	Changes will remain in memory only, until you decide to write them.
	Be careful before using the write command.

	fdisk: cannot open /dev/mmcblk0: Permission denied
	ubuntu@ubuntu-standard:/opt/gerrit$ sudo fdisk /dev/mmcblk0

	Welcome to fdisk (util-linux 2.27.1).
	Changes will remain in memory only, until you decide to write them.
	Be careful before using the write command.


	Command (m for help): parted
	Disk /dev/mmcblk0: 14.9 GiB, 15931539456 bytes, 31116288 sectors
	Units: sectors of 1 * 512 = 512 bytes
	Sector size (logical/physical): 512 bytes / 512 bytes
	I/O size (minimum/optimal): 512 bytes / 512 bytes
	Disklabel type: dos
	Disk identifier: 0xb5af4ac3

	Device         Boot  Start     End Sectors  Size Id Type
	/dev/mmcblk0p1 *      2048  133119  131072   64M  c W95 FAT32 (LBA)
	/dev/mmcblk0p2      133120 7679999 7546880  3.6G 83 Linux

	Command (m for help): m

	Help:

	  DOS (MBR)
	   a   toggle a bootable flag
	   b   edit nested BSD disklabel
	   c   toggle the dos compatibility flag

	  Generic
	   d   delete a partition
	   F   list free unpartitioned space
	   l   list known partition types
	   n   add a new partition
	   p   print the partition table
	   t   change a partition type
	   v   verify the partition table
	   i   print information about a partition

	  Misc
	   m   print this menu
	   u   change display/entry units
	   x   extra functionality (experts only)

	  Script
	   I   load disk layout from sfdisk script file
	   O   dump disk layout to sfdisk script file

	  Save & Exit
	   w   write table to disk and exit
	   q   quit without saving changes

	  Create a new label
	   g   create a new empty GPT partition table
	   G   create a new empty SGI (IRIX) partition table
	   o   create a new empty DOS partition table
	   s   create a new empty Sun partition table


	Command (m for help): parted rm 2
	Disk /dev/mmcblk0: 14.9 GiB, 15931539456 bytes, 31116288 sectors
	Units: sectors of 1 * 512 = 512 bytes
	Sector size (logical/physical): 512 bytes / 512 bytes
	I/O size (minimum/optimal): 512 bytes / 512 bytes
	Disklabel type: dos
	Disk identifier: 0xb5af4ac3

	Device         Boot  Start     End Sectors  Size Id Type
	/dev/mmcblk0p1 *      2048  133119  131072   64M  c W95 FAT32 (LBA)
	/dev/mmcblk0p2      133120 7679999 7546880  3.6G 83 Linux

	Command (m for help): d 2
	Partition number (1,2, default 2): 2

	Partition 2 has been deleted.

	Command (m for help): n
	Partition type
	   p   primary (1 primary, 0 extended, 3 free)
	   e   extended (container for logical partitions)
	Select (default p): p
	Partition number (2-4, default 2): 2
	First sector (133120-31116287, default 133120): 133120
	Last sector, +sectors or +size{K,M,G,T,P} (133120-31116287, default 31116287):

	Created a new partition 2 of type 'Linux' and of size 14.8 GiB.

	Command (m for help): parted
	Disk /dev/mmcblk0: 14.9 GiB, 15931539456 bytes, 31116288 sectors
	Units: sectors of 1 * 512 = 512 bytes
	Sector size (logical/physical): 512 bytes / 512 bytes
	I/O size (minimum/optimal): 512 bytes / 512 bytes
	Disklabel type: dos
	Disk identifier: 0xb5af4ac3

	Device         Boot  Start      End  Sectors  Size Id Type
	/dev/mmcblk0p1 *      2048   133119   131072   64M  c W95 FAT32 (LBA)
	/dev/mmcblk0p2      133120 31116287 30983168 14.8G 83 Linux

	Command (m for help): w
	The partition table has been altered.
	Calling ioctl() to re-read partition table.
	Re-reading the partition table failed.: Device or resource busy

	The kernel still uses the old table. The new table will be used at the next reboot or after you run partprobe(8) or kpartx(8).

	
	sudo resize2fs -p /dev/mmcblk0p2



*******************
Fix loss eth0:

This solution only works if you're seeing an odd network interface device like env{hwdaddress} when running $ ifconfig -a instead of eth0. I tried all the common answers about adding rules but only this fix worked.

I'm running a Raspberry Pi 3 with Ubuntu 16.04 preinstalled server armhf. Long story short, running $ apt-get update added Predictable Network Interface Names

Edit the following file:

$ vim /lib/udev/rules.d/73-usb-net-by-mac.rules
You should see:

ACTION=="add", SUBSYSTEM=="net", SUBSYSTEMS=="usb", NAME=="", \
ATTR{address}=="?[014589cd]:*", \
TEST!="/etc/udev/rules.d/80-net-setup-link.rules", \
IMPORT{builtin}="net_id", NAME="$env{ID_NET_NAME_MAC}"
Change the NAME at the end as follows:

ACTION=="add", SUBSYSTEM=="net", SUBSYSTEMS=="usb", NAME=="", \
ATTR{address}=="?[014589cd]:*", \
TEST!="/etc/udev/rules.d/80-net-setup-link.rules", \
IMPORT{builtin}="net_id", NAME="eth0"
Save Changes

Reboot. Everything should be working now assuming everything is pointing to eth0.

Edit (10/26/2016) To prevent any future updates from overwriting this fix, do the following:

cp /lib/udev/rules.d/73-usb-net-by-mac.rules /etc/udev/rules.d/